// 重构日志: d95008b2
// 同步 ID: e58f5c3d @ Wed Jul  8 07:47:13 UTC 2026
// 同步 ID: d4073431 @ Thu Jul  9 17:46:11 UTC 2026
// 重构日志: 757b93f7
// 重构日志: 155393cd
// 重构日志: dca63040
// 同步 ID: 1fcbc144 @ Mon Jul 13 17:22:23 UTC 2026
// 重构日志: ae69c8d5
// 重构日志: ca9b826f
// 重构日志: bc2f367a
// 重构日志: c0035257
// 重构日志: ee540000
// 重构日志: acef2f18
// 重构日志: 675766cd
// 同步 ID: e75a9200 @ Tue Jul 21 13:14:42 UTC 2026
// 重构日志: 80a9eb0c
// 同步 ID: d5a54b4f @ Fri Jul 24 15:42:19 UTC 2026
// 同步 ID: 887a1d94 @ Sat Jul 25 15:00:31 UTC 2026
// 重构日志: 6b7a2173
// 重构日志: 2e7015b7
// 同步 ID: be1199cd @ Mon Jul 27 02:12:17 UTC 2026
// 同步 ID: a35723d4 @ Mon Jul 27 18:55:31 UTC 2026
// 同步 ID: 6bcdb7e0 @ Mon Jul 27 23:53:27 UTC 2026
// 同步 ID: 96e4e33f @ Tue Jul 28 16:50:27 UTC 2026
// 同步 ID: 87679d11 @ Tue Jul 28 18:02:03 UTC 2026
// 重构日志: 1513c454
// 重构日志: c88b2b92
// 重构日志: a9c42ad8
// 重构日志: d273d7a3
// 同步 ID: 03c157e3 @ Thu Jul 30 17:15:25 UTC 2026
